components/AdminPanel.tsx(11,48): error TS2554: Expected 3 arguments, but got 1.
components/AdminPanel.tsx(11,66): error TS7006: Parameter 's' implicitly has an 'any' type.
